2026-08-13 06:45:05,157 | WARNING | Request failed: http://www.bristol.ac.uk/sraa/uk-student-recruitment | 404 Client Error: Not Found for url: https://www.bristol.ac.uk/sraa/uk-student-recruitment
2026-08-13 06:45:11,542 | WARNING | Request failed: http://www.bristol.ac.uk/centenary/timeline | 404 Client Error: Not Found for url: https://www.bristol.ac.uk/centenary/timeline
2026-08-13 06:46:11,388 | WARNING | Request failed: http://www.bristol.ac.uk/medical-school/research/biobank | 404 Client Error: Not Found for url: https://www.bristol.ac.uk/medical-school/research/biobank
2026-08-13 06:46:23,781 | WARNING | Request failed: http://www.bristol.ac.uk/physics/research/iac | 404 Client Error: Not Found for url: https://www.bristol.ac.uk/physics/research/iac
2026-08-13 06:47:02,091 | WARNING | Request failed: http://www.bristol.ac.uk/nightline | HTTPConnectionPool(host='www.ubu.org.uk', port=80): Max retries exceeded with url: /justask/nightline/ (Caused by ConnectTimeoutError(<HTTPConnection(host='www.ubu.org.uk', port=80) at 0x7f5417546850>, 'Connection to www.ubu.org.uk timed out. (connect timeout=30)'))
2026-08-13 06:47:11,712 | WARNING | Request failed: http://www.bristol.ac.uk/public-relations/logo | 404 Client Error: Not Found for url: https://www.bristol.ac.uk/communications-marketing/logo
2026-08-13 06:47:28,986 | WARNING | Request failed: http://www.bristol.ac.uk/education/enterprise/docsum | 404 Client Error: Not Found for url: https://www.bristol.ac.uk/education/expertiseandresources/dss/
2026-08-13 06:48:34,887 | WARNING | Request failed: http://www.bristol.ac.uk/library/support/research/open-access.html | 404 Client Error: Not Found for url: https://www.bristol.ac.uk/library/support/research/open-access.html
2026-08-13 06:49:10,022 | WARNING | Request failed: http://www.bristol.ac.uk/estates/departments/facilities-management | ('Connection aborted.', RemoteDisconnected('Remote end closed connection without response'))
2026-08-13 06:49:25,064 | WARNING | Request failed: http://www.bristol.ac.uk/centenary | 404 Client Error: Not Found for url: https://www.bristol.ac.uk/centenary
2026-08-13 06:49:30,776 | WARNING | Request failed: http://www.bristol.ac.uk/study/outreach/post-16/pathways | 404 Client Error: Not Found for url: https://www.bristol.ac.uk/study/outreach/post-16/pathways
2026-08-13 06:49:48,825 | WARNING | Request failed: http://www.bristol.ac.uk/ceas | 404 Client Error: Not Found for url: https://www.bristol.ac.uk/spais/research/ceas/
2026-08-13 06:49:55,348 | WARNING | Request failed: http://www.bristol.ac.uk/music/CHOMBEC | 404 Client Error: Not Found for url: https://www.bristol.ac.uk/music/CHOMBEC
2026-08-13 06:50:16,877 | WARNING | Request failed: http://www.bristol.ac.uk/biology/research/transcriptomics | 404 Client Error: Not Found for url: https://www.bristol.ac.uk/biology/research/transcriptomics
2026-08-13 06:50:29,394 | WARNING | Request failed: http://www.bristol.ac.uk/international/ug-study/erasmus | 404 Client Error: Not Found for url: https://www.bristol.ac.uk/international/ug-study/erasmus
2026-08-13 06:51:05,157 | WARNING | Request failed: http://www.bristol.ac.uk/media/experts | 403 Client Error: Forbidden for url: https://research-information.bris.ac.uk/en/persons/
2026-08-13 06:51:13,294 | WARNING | Request failed: http://www.bristol.ac.uk/Depts/SiteServices/portering.html | 404 Client Error: Not Found for url: https://www.bristol.ac.uk/staff/a-z/
2026-08-13 06:51:17,103 | WARNING | Request failed: http://www.bristol.ac.uk/caite | 404 Client Error: Not Found for url: https://www.bristol.ac.uk/caite
2026-08-13 06:51:35,889 | WARNING | Request failed: http://www.bristol.ac.uk/bclrc | 404 Client Error: Not Found for url: https://www.bristol.ac.uk/bclrc
2026-08-13 06:51:44,305 | WARNING | Request failed: http://www.bristol.ac.uk/media | 403 Client Error: Forbidden for url: https://www.bristol.ac.uk/media/
2026-08-13 06:51:48,594 | WARNING | Request failed: http://www.bristol.ac.uk/philosophy/department/centre | 404 Client Error: Not Found for url: https://www.bristol.ac.uk/philosophy/department/centre
2026-08-13 06:52:38,576 | WARNING | Request failed: http://www.bristol.ac.uk/events/details/colloquia.html | 404 Client Error: Not Found for url: https://www.bristol.ac.uk/events/details/colloquia.html
2026-08-13 06:53:49,421 | WARNING | Request failed: http://www.bristol.ac.uk/university/governance/committees.html | 404 Client Error: Not Found for url: https://www.bristol.ac.uk/university/governance/committees.html
2026-08-13 06:54:23,915 | WARNING | Request failed: http://www.bristol.ac.uk/medical-school/hippocrates | 404 Client Error: Not Found for url: https://www.bristol.ac.uk/medical-school/hippocrates
2026-08-13 06:55:06,775 | WARNING | Request failed: http://www.bristol.ac.uk/library/support/findinginfo/plagiarism | 404 Client Error: Not Found for url: https://www.bristol.ac.uk/library/support/findinginfo/plagiarism
2026-08-13 06:55:07,091 | WARNING | Request failed: http://www.bristol.ac.uk/physics/cdtcmp | 404 Client Error: Not Found for url: https://www.bristol.ac.uk/physics/cdtcmp
2026-08-13 06:55:33,445 | WARNING | Request failed: http://www.bristol.ac.uk/faculties/deans.html | 404 Client Error: Not Found for url: https://www.bristol.ac.uk/faculties/deans.html
2026-08-13 06:55:37,867 | WARNING | Request failed: http://www.bristol.ac.uk/conferences-hospitality/film | 404 Client Error: Not Found for url: https://www.bristol.ac.uk/venues/film-and-television/
2026-08-13 06:55:42,787 | WARNING | Request failed: http://www.bristol.ac.uk/property | 403 Client Error: Forbidden for url: https://www.bristol.ac.uk/property/
2026-08-13 06:56:22,453 | WARNING | Request failed: http://www.bristol.ac.uk/law/aboutus/law-activities/innocenceproject/index.html | 404 Client Error: Not Found for url: https://www.bristol.ac.uk/law/aboutus/law-activities/innocenceproject/index.html
2026-08-13 06:58:16,223 | WARNING | Request failed: https://www.bristol.ac.uk/sustainability-old | 404 Client Error: Not Found for url: https://www.bristol.ac.uk/sustainability-old
2026-08-13 06:59:02,636 | WARNING | Request failed: https://linkto.leeds.ac.uk/ | 403 Client Error: Forbidden for url: https://linkto.leeds.ac.uk/
2026-08-13 06:59:30,925 | WARNING | Request failed: https://equality.leeds.ac.uk/ | 403 Client Error: Forbidden for url: https://equality.leeds.ac.uk/
2026-08-13 07:01:20,432 | WARNING | Request failed: https://secretariat.leeds.ac.uk/ | 403 Client Error: Forbidden for url: https://secretariat.leeds.ac.uk/
2026-08-13 07:01:32,256 | WARNING | Request failed: http://www.leeds.ac.uk/secretariat/charter.html | 404 Client Error: Not Found for url: https://www.leeds.ac.uk:443/secretariat/charter.html
2026-08-13 07:01:35,873 | WARNING | Request failed: https://secretariat.leeds.ac.uk/corporate-governance/main-university-committees/council | 403 Client Error: Forbidden for url: https://secretariat.leeds.ac.uk/corporate-governance/main-university-committees/council
2026-08-13 07:03:18,124 | WARNING | Request failed: https://researchatleeds.leeds.ac.uk/ | 403 Client Error: Forbidden for url: https://researchatleeds.leeds.ac.uk/
2026-08-13 07:04:15,094 | WARNING | Request failed: https://prism.leeds.ac.uk/ | 403 Client Error: Forbidden for url: https://prism.leeds.ac.uk/
2026-08-13 07:04:35,271 | WARNING | Request failed: https://sustainability.leeds.ac.uk/ | 403 Client Error: Forbidden for url: https://sustainability.leeds.ac.uk/
2026-08-13 07:07:39,740 | WARNING | Request failed: https://students.leeds.ac.uk/localtransport | 404 Client Error: Not Found for url: https://students.leeds.ac.uk/localtransport
2026-08-13 07:07:42,002 | WARNING | Request failed: http://students.leeds.ac.uk/traveltoleeds | 404 Client Error: Not Found for url: https://students.leeds.ac.uk:443/traveltoleeds
2026-08-13 07:08:14,701 | WARNING | Request failed: https://equality.leeds.ac.uk/governance_strategy_policy/athena-swan | 403 Client Error: Forbidden for url: https://equality.leeds.ac.uk/governance_strategy_policy/athena-swan
2026-08-13 07:11:16,237 | WARNING | Request failed: https://www.mumbai.york.ac.uk/cdn-cgi/l/email-protection | 404 Client Error: Not Found for url: https://www.mumbai.york.ac.uk/cdn-cgi/l/email-protection
2026-08-13 07:21:45,178 | WARNING | Request failed: https://warwick.ac.uk/study/international/country/india | 404 Client Error:  for url: https://warwick.ac.uk/study/international/country/india/
2026-08-13 07:24:23,414 | WARNING | Request failed: https://moodle.ucl.ac.uk/ | 403 Client Error: Forbidden for url: https://moodle.ucl.ac.uk/
2026-08-13 07:27:48,961 | WARNING | Request failed: https://www.ucl.ac.uk/news/services-media/find-expert | 404 Client Error: Not Found for url: https://www.ucl.ac.uk/news/services-media/find-expert
2026-08-13 07:29:06,548 | WARNING | Request failed: https://www.ucl.ac.uk/computer-science/study/postgraduate-taught/robotics-and-computation-msc | 403 Client Error: Forbidden for url: https://www.ucl.ac.uk/engineering/robotics-and-computation-msc
2026-08-13 07:32:27,348 | WARNING | Request failed: https://www.ucl.ac.uk/students/support-and-wellbeing/specialist-information-and-support/student-parents | 404 Client Error: Not Found for url: https://www.ucl.ac.uk/study/current-students/support-and-wellbeing/specialist-information-and-support/student-parents
2026-08-13 07:32:30,683 | WARNING | Request failed: https://www.ucl.ac.uk/prospective-students/undergraduate/courses | 404 Client Error: Not Found for url: https://www.ucl.ac.uk/prospective-students/undergraduate/courses
2026-08-13 07:33:19,057 | WARNING | Request failed: https://www.ucl.ac.uk/enterprise/node/611 | 404 Client Error: Not Found for url: https://www.ucl.ac.uk/enterprise/node/611
2026-08-13 07:33:50,309 | WARNING | Request failed: https://www.ucl.ac.uk/alumni/donations-gbp-single?PROJECT_CODE=U00003 | 404 Client Error: Not Found for url: https://www.ucl.ac.uk/alumni/donations-gbp-single?PROJECT_CODE=U00003
2026-08-13 07:33:57,817 | WARNING | Request failed: https://www.ucl.ac.uk/disclaimer | 502 Server Error: Bad Gateway for url: https://www.ucl.ac.uk/disclaimer
2026-08-13 07:33:59,159 | WARNING | Request failed: https://www.ucl.ac.uk/contact-list | 404 Client Error: Not Found for url: https://www.ucl.ac.uk/contact-list
2026-08-13 07:34:07,330 | WARNING | Request failed: https://www.ucl.ac.uk/computer-science/ucl-computer-science | 404 Client Error: Not Found for url: https://www.ucl.ac.uk/engineering/computer-science/ucl-computer-science
2026-08-13 07:34:11,654 | WARNING | Request failed: https://www.ucl.ac.uk/news/2023/jul/node/230403 | 404 Client Error: Not Found for url: https://www.ucl.ac.uk/news/2023/jul/node/230403
2026-08-13 07:34:16,017 | WARNING | Request failed: https://isc.um.edu.my/ | HTTPSConnectionPool(host='isc.um.edu.my', port=443): Max retries exceeded with url: / (Caused by NameResolutionError("HTTPSConnection(host='isc.um.edu.my', port=443): Failed to resolve 'isc.um.edu.my' ([Errno -2] Name or service not known)"))
2026-08-13 07:34:35,828 | WARNING | Request failed: https://www.fu-berlin.de/sites/internationalweek/partneruniversitaeten/index.html | 404 Client Error: Not Found for url: https://www.fu-berlin.de/sites/internationalweek/partneruniversitaeten/index.html
2026-08-13 07:34:55,638 | WARNING | Request failed: https://www.fu-berlin.de/en/sites/internationalweek/partneruniversitaeten | 404 Client Error: Not Found for url: https://www.fu-berlin.de/en/sites/internationalweek/partneruniversitaeten
2026-08-13 07:36:59,291 | WARNING | Request failed: http://wikis.fu-berlin.de/ | HTTPConnectionPool(host='wikis.fu-berlin.de', port=80): Max retries exceeded with url: / (Caused by ConnectTimeoutError(<HTTPConnection(host='wikis.fu-berlin.de', port=80) at 0x7f54180a72d0>, 'Connection to wikis.fu-berlin.de timed out. (connect timeout=30)'))
2026-08-13 07:40:46,912 | WARNING | Request failed: https://www.fu-berlin.de/en/sites/kommunikation/referate/presse/index.html | 404 Client Error: Not Found for url: https://www.fu-berlin.de/en/sites/kommunikation/referate/presse/index.html
2026-08-13 07:41:34,970 | WARNING | Request failed: https://www.fu-berlin.de/service/zuvdocs/weitere-fu/index.html | 403 Client Error: Forbidden for url: https://www.fu-berlin.de/service/zuvdocs/weitere-fu/index.html
2026-08-13 07:41:35,126 | WARNING | Request failed: https://www.fu-berlin.de/service/zuvdocs/fu-rundschreiben/index.html | 403 Client Error: Forbidden for url: https://www.fu-berlin.de/service/zuvdocs/fu-rundschreiben/index.html
2026-08-13 07:42:14,850 | WARNING | Request failed: https://wikis.fu-berlin.de/spaces/kum/overview | HTTPSConnectionPool(host='wikis.fu-berlin.de', port=443): Max retries exceeded with url: /spaces/kum/overview (Caused by ConnectTimeoutError(<HTTPSConnection(host='wikis.fu-berlin.de', port=443) at 0x7f541769e350>, 'Connection to wikis.fu-berlin.de timed out. (connect timeout=30)'))
2026-08-13 07:42:15,571 | WARNING | Request failed: https://www.fu-berlin.de/en/sites/abt-1/formulare/index.html | 403 Client Error: Forbidden for url: https://www.fu-berlin.de/en/sites/abt-1/formulare/index.html
2026-08-13 07:43:35,158 | WARNING | Request failed: https://wikis.fu-berlin.de/display/studying | HTTPSConnectionPool(host='wikis.fu-berlin.de', port=443): Max retries exceeded with url: /display/studying (Caused by ConnectTimeoutError(<HTTPSConnection(host='wikis.fu-berlin.de', port=443) at 0x7f5417a78690>, 'Connection to wikis.fu-berlin.de timed out. (connect timeout=30)'))
2026-08-13 07:45:21,316 | WARNING | Request failed: https://wikis.fu-berlin.de/display/studying/Studying+101+-+A+Simple+Guide+for+Students | HTTPSConnectionPool(host='wikis.fu-berlin.de', port=443): Max retries exceeded with url: /display/studying/Studying+101+-+A+Simple+Guide+for+Students (Caused by ConnectTimeoutError(<HTTPSConnection(host='wikis.fu-berlin.de', port=443) at 0x7f54171603d0>, 'Connection to wikis.fu-berlin.de timed out. (connect timeout=30)'))
2026-08-13 07:46:32,351 | WARNING | Request failed: http://www.international.fu-berlin.de/ | HTTPConnectionPool(host='www.international.fu-berlin.de', port=80): Max retries exceeded with url: / (Caused by NameResolutionError("HTTPConnection(host='www.international.fu-berlin.de', port=80): Failed to resolve 'www.international.fu-berlin.de' ([Errno -2] Name or service not known)"))
2026-08-13 07:46:34,478 | WARNING | Request failed: https://www.fu-berlin.de/en/studium/bewerbung/Bewerberinfo.html | 404 Client Error: Not Found for url: https://www.fu-berlin.de/en/studium/bewerbung/Bewerberinfo.html
2026-08-13 07:48:05,482 | WARNING | Request failed: https://wikis.fu-berlin.de/spaces/kum/pages/1282837049/Service-Wiki+der+Stabsstelle+Kommunikation+und+Marketing | HTTPSConnectionPool(host='wikis.fu-berlin.de', port=443): Max retries exceeded with url: /spaces/kum/pages/1282837049/Service-Wiki+der+Stabsstelle+Kommunikation+und+Marketing (Caused by ConnectTimeoutError(<HTTPSConnection(host='wikis.fu-berlin.de', port=443) at 0x7f541818d0d0>, 'Connection to wikis.fu-berlin.de timed out. (connect timeout=30)'))
2026-08-13 07:49:22,861 | WARNING | Request failed: https://www.fu-berlin.de/studium/international/media/ECTS-Uebersicht_nach-Faechern_Stand-April-2023.pdf | 404 Client Error: Not Found for url: https://www.fu-berlin.de/studium/international/media/ECTS-Uebersicht_nach-Faechern_Stand-April-2023.pdf
2026-08-13 07:49:23,165 | WARNING | Request failed: https://www.fu-berlin.de/studium/international/media/Ins-Ausland_Broschuere_A5_CMYK_2019_DRUCK_final.pdf | 404 Client Error: Not Found for url: https://www.fu-berlin.de/studium/international/media/Ins-Ausland_Broschuere_A5_CMYK_2019_DRUCK_final.pdf
2026-08-13 07:50:10,167 | WARNING | Request failed: https://www.lmu.de/en/study/all-degrees-and-programs/international-full-time-students | 404 Client Error: Not Found for url: https://www.lmu.de/en/study/all-degrees-and-programs/international-full-time-students
2026-08-13 07:50:11,551 | WARNING | Request failed: https://www.tu.berlin/en/studying/international-students | 404 Client Error: Not Found for url: https://www.tu.berlin/en/studying/international-students
